// Jest Snapshot v1, https://goo.gl/fbAQLP

exports[`matches snapshot 1`] = `
<DocumentFragment>
  <div
    id="whole-form"
  >
    <img
      alt="adopt-pet"
      class="chosen-pet"
      src="rat.png"
    />
    <form
      id="form-el"
    >
      <div
        class="inputs"
      >
        <label
          class="labels"
          for="pet_name"
        >
          Pet Name:
        </label>
        <input
          class="input-el good-input"
          id="pet_name"
          name="pet_name"
          required=""
          type="text"
          value=""
        />
      </div>
      <button
        class="adopt-btns"
      >
        Create
      </button>
      <button
        class="adopt-btns"
      >
        Back
      </button>
    </form>
  </div>
</DocumentFragment>
`;
