// Jest Snapshot v1, https://goo.gl/fbAQLP

exports[`matches snapshot 1`] = `
<DocumentFragment>
  <div
    id="shop-container"
  >
    <div
      class="shop-item"
      id="1"
      tabindex="0"
    >
      <img
        alt="Hamburger"
        class="item-img"
        src="hamburger.png"
      />
    </div>
    <div
      class="shop-item"
      id="2"
      tabindex="0"
    >
      <img
        alt="Apple"
        class="item-img"
        src="apples.png"
      />
    </div>
    <div
      class="shop-item"
      id="3"
      tabindex="0"
    >
      <img
        alt="Turkey"
        class="item-img"
        src="turkey.png"
      />
    </div>
    <div
      class="shop-item"
      id="4"
      tabindex="0"
    >
      <img
        alt="Orange Juice"
        class="item-img"
        src="orangejuice.png"
      />
    </div>
    <div
      class="shop-item"
      id="5"
      tabindex="0"
    >
      <img
        alt="Coffee"
        class="item-img"
        src="coffee.png"
      />
    </div>
    <div
      class="shop-item"
      id="6"
      tabindex="0"
    >
      <img
        alt="Candy"
        class="item-img"
        src="candy.png"
      />
    </div>
    <div
      class="shop-item"
      id="7"
      tabindex="0"
    >
      <img
        alt="Sushi"
        class="item-img"
        src="sushi.png"
      />
    </div>
    <div
      class="shop-item"
      id="8"
      tabindex="0"
    >
      <img
        alt="Hotdog"
        class="item-img"
        src="hotdog.png"
      />
    </div>
    <div
      class="shop-item"
      id="9"
      tabindex="0"
    >
      <img
        alt="Cake"
        class="item-img"
        src="cake.png"
      />
    </div>
    <div
      class="shop-item"
      id="10"
      tabindex="0"
    >
      <img
        alt="Breakfast Platter"
        class="item-img"
        src="breakfast.png"
      />
    </div>
    <div
      class="shop-item"
      id="11"
      tabindex="0"
    >
      <img
        alt="Blocks"
        class="item-img"
        src="blocks.png"
      />
    </div>
    <div
      class="shop-item"
      id="12"
      tabindex="0"
    >
      <img
        alt="Sand Bucket"
        class="item-img"
        src="bucket.png"
      />
    </div>
    <div
      class="shop-item"
      id="13"
      tabindex="0"
    >
      <img
        alt="Music Set"
        class="item-img"
        src="music.png"
      />
    </div>
    <div
      class="shop-item"
      id="14"
      tabindex="0"
    >
      <img
        alt="Sledding"
        class="item-img"
        src="sled.webp"
      />
    </div>
    <div
      class="shop-item"
      id="15"
      tabindex="0"
    >
      <img
        alt="Dress Up"
        class="item-img"
        src="dressup.png"
      />
    </div>
    <div
      class="shop-item"
      id="16"
      tabindex="0"
    >
      <img
        alt="Board Game"
        class="item-img"
        src="boardgame.png"
      />
    </div>
    <div
      class="shop-item"
      id="17"
      tabindex="0"
    >
      <img
        alt="Laundry"
        class="item-img"
        src="laundry.png"
      />
    </div>
    <div
      class="shop-item"
      id="18"
      tabindex="0"
    >
      <img
        alt="Dolls"
        class="item-img"
        src="doll.png"
      />
    </div>
    <div
      class="shop-item"
      id="19"
      tabindex="0"
    >
      <img
        alt="Ping Pong"
        class="item-img"
        src="pingpong.png"
      />
    </div>
    <div
      class="shop-item"
      id="20"
      tabindex="0"
    >
      <img
        alt="Scooter"
        class="item-img"
        src="scooter.png"
      />
    </div>
  </div>
</DocumentFragment>
`;
